------------------------------------------------------------------------------------------------------------------------

[2026-10-09 11:04:26 #1 store] 
Database 'C:\Users\anemi\git\IS-IAller_JEcheveste_IGarcia\src\main\resources\products.temp' has been recovered (tr. 662-666)

[2026-10-09 11:04:26 #2 store] 
Database 'C:\Users\anemi\git\IS-IAller_JEcheveste_IGarcia\src\main\resources\products.temp' is opened by 48308@PortatilAne

[2026-10-09 11:04:26 #3 type] 
Type domain.Usuario is not enhanced.

[2026-10-09 11:04:26 #4 type] 
Type domain.Comprador is not enhanced.

[2026-10-09 11:04:26 #5 type] 
Type domain.Solicitud is not enhanced.

[2026-10-09 11:04:26 #6 type] 
Type domain.Friendly is not enhanced.

[2026-10-09 11:04:26 #7 type] 
Type domain.Cuentas is not enhanced.

[2026-10-09 11:04:26 #8 type] 
Type domain.Oferta is not enhanced.

[2026-10-09 11:04:26 #9 type] 
Type domain.Sale is not enhanced.

[2026-10-09 11:04:26 #10 type] 
Type domain.Resena is not enhanced.

[2026-10-09 11:04:26 #11 type] 
Type domain.Seller is not enhanced.

------------------------------------------------------------------------------------------------------------------------

[2026-10-09 11:04:42 #1 store] 
Database 'C:\Users\anemi\git\IS-IAller_JEcheveste_IGarcia\src\main\resources\products.temp' has been recovered (tr. 667-684)

[2026-10-09 11:04:43 #2 store] 
Database 'C:\Users\anemi\git\IS-IAller_JEcheveste_IGarcia\src\main\resources\products.temp' is opened by 17956@PortatilAne

[2026-10-09 11:04:43 #3 type] 
Type domain.Usuario is not enhanced.

[2026-10-09 11:04:43 #4 type] 
Type domain.Comprador is not enhanced.

[2026-10-09 11:04:43 #5 type] 
Type domain.Solicitud is not enhanced.

[2026-10-09 11:04:43 #6 type] 
Type domain.Friendly is not enhanced.

[2026-10-09 11:04:43 #7 type] 
Type domain.Cuentas is not enhanced.

[2026-10-09 11:04:43 #8 type] 
Type domain.Oferta is not enhanced.

[2026-10-09 11:04:43 #9 type] 
Type domain.Sale is not enhanced.

[2026-10-09 11:04:43 #10 type] 
Type domain.Resena is not enhanced.

[2026-10-09 11:04:43 #11 type] 
Type domain.Seller is not enhanced.

