------------------------------------------------------------------------------------------------------------------------

[2026-10-06 11:01:33 #1 store] 
Database 'C:\Users\Jose\git\IS-IAller_JEcheveste_IGarcia\src\main\resources\products.temp' has been recovered (tr. 7-8)

[2026-10-06 11:01:33 #2 store] 
Database 'C:\Users\Jose\git\IS-IAller_JEcheveste_IGarcia\src\main\resources\products.temp' is opened by 23068@Joxe-Pc

[2026-10-06 11:01:33 #3 type] 
Type domain.Usuario is not enhanced.

[2026-10-06 11:01:33 #4 type] 
Type domain.Comprador is not enhanced.

[2026-10-06 11:01:33 #5 type] 
Type domain.Solicitud is not enhanced.

[2026-10-06 11:01:33 #6 type] 
Type domain.Friendly is not enhanced.

[2026-10-06 11:01:33 #7 type] 
Type domain.Cuentas is not enhanced.

[2026-10-06 11:01:33 #8 type] 
Type domain.Oferta is not enhanced.

[2026-10-06 11:01:33 #9 type] 
Type domain.Sale is not enhanced.

[2026-10-06 11:01:33 #10 type] 
Type domain.Resena is not enhanced.

[2026-10-06 11:01:33 #11 type] 
Type domain.Seller is not enhanced.

------------------------------------------------------------------------------------------------------------------------

[2026-10-06 11:02:06 #1 store] 
Database 'C:\Users\Jose\git\IS-IAller_JEcheveste_IGarcia\src\main\resources\products.temp' has been recovered (tr. 9-10)

[2026-10-06 11:02:06 #2 store] 
Database 'C:\Users\Jose\git\IS-IAller_JEcheveste_IGarcia\src\main\resources\products.temp' is opened by 16560@Joxe-Pc

[2026-10-06 11:02:06 #3 type] 
Type domain.Usuario is not enhanced.

[2026-10-06 11:02:06 #4 type] 
Type domain.Comprador is not enhanced.

[2026-10-06 11:02:06 #5 type] 
Type domain.Solicitud is not enhanced.

[2026-10-06 11:02:06 #6 type] 
Type domain.Friendly is not enhanced.

[2026-10-06 11:02:06 #7 type] 
Type domain.Cuentas is not enhanced.

[2026-10-06 11:02:06 #8 type] 
Type domain.Oferta is not enhanced.

[2026-10-06 11:02:06 #9 type] 
Type domain.Sale is not enhanced.

[2026-10-06 11:02:06 #10 type] 
Type domain.Resena is not enhanced.

[2026-10-06 11:02:06 #11 type] 
Type domain.Seller is not enhanced.

------------------------------------------------------------------------------------------------------------------------

[2026-10-06 11:03:26 #1 store] 
Database 'C:\Users\Jose\git\IS-IAller_JEcheveste_IGarcia\src\main\resources\products.temp' is opened by 18712@Joxe-Pc

[2026-10-06 11:03:26 #2 type] 
Type domain.Usuario is not enhanced.

[2026-10-06 11:03:26 #3 type] 
Type domain.Comprador is not enhanced.

[2026-10-06 11:03:26 #4 type] 
Type domain.Solicitud is not enhanced.

[2026-10-06 11:03:26 #5 type] 
Type domain.Friendly is not enhanced.

[2026-10-06 11:03:26 #6 type] 
Type domain.Cuentas is not enhanced.

[2026-10-06 11:03:26 #7 type] 
Type domain.Oferta is not enhanced.

[2026-10-06 11:03:26 #8 type] 
Type domain.Sale is not enhanced.

[2026-10-06 11:03:26 #9 type] 
Type domain.Resena is not enhanced.

[2026-10-06 11:03:26 #10 type] 
Type domain.Seller is not enhanced.

------------------------------------------------------------------------------------------------------------------------

[2026-10-06 11:03:43 #1 store] 
Database 'C:\Users\Jose\git\IS-IAller_JEcheveste_IGarcia\src\main\resources\products.temp' has been recovered (tr. 11-12)

[2026-10-06 11:03:43 #2 store] 
Database 'C:\Users\Jose\git\IS-IAller_JEcheveste_IGarcia\src\main\resources\products.temp' is opened by 12112@Joxe-Pc

[2026-10-06 11:03:43 #3 type] 
Type domain.Usuario is not enhanced.

[2026-10-06 11:03:43 #4 type] 
Type domain.Comprador is not enhanced.

[2026-10-06 11:03:43 #5 type] 
Type domain.Solicitud is not enhanced.

[2026-10-06 11:03:43 #6 type] 
Type domain.Friendly is not enhanced.

[2026-10-06 11:03:43 #7 type] 
Type domain.Cuentas is not enhanced.

[2026-10-06 11:03:43 #8 type] 
Type domain.Oferta is not enhanced.

[2026-10-06 11:03:43 #9 type] 
Type domain.Sale is not enhanced.

[2026-10-06 11:03:43 #10 type] 
Type domain.Resena is not enhanced.

[2026-10-06 11:03:43 #11 type] 
Type domain.Seller is not enhanced.

------------------------------------------------------------------------------------------------------------------------

[2026-10-06 11:04:01 #1 store] 
Database 'C:\Users\Jose\git\IS-IAller_JEcheveste_IGarcia\src\main\resources\products.temp' has been recovered (tr. 13-13)

[2026-10-06 11:04:01 #2 store] 
Database 'C:\Users\Jose\git\IS-IAller_JEcheveste_IGarcia\src\main\resources\products.temp' is opened by 14372@Joxe-Pc

[2026-10-06 11:04:01 #3 type] 
Type domain.Usuario is not enhanced.

[2026-10-06 11:04:01 #4 type] 
Type domain.Comprador is not enhanced.

[2026-10-06 11:04:01 #5 type] 
Type domain.Solicitud is not enhanced.

[2026-10-06 11:04:01 #6 type] 
Type domain.Friendly is not enhanced.

[2026-10-06 11:04:01 #7 type] 
Type domain.Cuentas is not enhanced.

[2026-10-06 11:04:01 #8 type] 
Type domain.Oferta is not enhanced.

[2026-10-06 11:04:01 #9 type] 
Type domain.Sale is not enhanced.

[2026-10-06 11:04:01 #10 type] 
Type domain.Resena is not enhanced.

[2026-10-06 11:04:01 #11 type] 
Type domain.Seller is not enhanced.

------------------------------------------------------------------------------------------------------------------------

[2026-10-06 11:04:08 #1 store] 
Database 'C:\Users\Jose\git\IS-IAller_JEcheveste_IGarcia\src\main\resources\products.temp' is opened by 6640@Joxe-Pc

[2026-10-06 11:04:08 #2 type] 
Type domain.Usuario is not enhanced.

[2026-10-06 11:04:08 #3 type] 
Type domain.Comprador is not enhanced.

[2026-10-06 11:04:08 #4 type] 
Type domain.Solicitud is not enhanced.

[2026-10-06 11:04:08 #5 type] 
Type domain.Friendly is not enhanced.

[2026-10-06 11:04:08 #6 type] 
Type domain.Cuentas is not enhanced.

[2026-10-06 11:04:08 #7 type] 
Type domain.Oferta is not enhanced.

[2026-10-06 11:04:08 #8 type] 
Type domain.Sale is not enhanced.

[2026-10-06 11:04:08 #9 type] 
Type domain.Resena is not enhanced.

[2026-10-06 11:04:08 #10 type] 
Type domain.Seller is not enhanced.

------------------------------------------------------------------------------------------------------------------------

[2026-10-06 11:10:29 #1 store] 
Database 'C:\Users\Jose\git\IS-IAller_JEcheveste_IGarcia\src\main\resources\products.temp' has been recovered (tr. 14-15)

[2026-10-06 11:10:29 #2 store] 
Database 'C:\Users\Jose\git\IS-IAller_JEcheveste_IGarcia\src\main\resources\products.temp' is opened by 1832@Joxe-Pc

[2026-10-06 11:10:29 #3 type] 
Type domain.Usuario is not enhanced.

[2026-10-06 11:10:29 #4 type] 
Type domain.Comprador is not enhanced.

[2026-10-06 11:10:29 #5 type] 
Type domain.Solicitud is not enhanced.

[2026-10-06 11:10:29 #6 type] 
Type domain.Friendly is not enhanced.

[2026-10-06 11:10:29 #7 type] 
Type domain.Cuentas is not enhanced.

[2026-10-06 11:10:29 #8 type] 
Type domain.Oferta is not enhanced.

[2026-10-06 11:10:29 #9 type] 
Type domain.Sale is not enhanced.

[2026-10-06 11:10:29 #10 type] 
Type domain.Resena is not enhanced.

[2026-10-06 11:10:29 #11 type] 
Type domain.Seller is not enhanced.

------------------------------------------------------------------------------------------------------------------------

[2026-10-06 11:16:21 #1 store] 
Database 'C:\Users\Jose\git\IS-IAller_JEcheveste_IGarcia\src\main\resources\products.temp' has been recovered (tr. 16-17)

[2026-10-06 11:16:22 #2 store] 
Database 'C:\Users\Jose\git\IS-IAller_JEcheveste_IGarcia\src\main\resources\products.temp' is opened by 22900@Joxe-Pc

[2026-10-06 11:16:22 #3 type] 
Type domain.Usuario is not enhanced.

[2026-10-06 11:16:22 #4 type] 
Type domain.Comprador is not enhanced.

[2026-10-06 11:16:22 #5 type] 
Type domain.Solicitud is not enhanced.

[2026-10-06 11:16:22 #6 type] 
Type domain.Friendly is not enhanced.

[2026-10-06 11:16:22 #7 type] 
Type domain.Cuentas is not enhanced.

[2026-10-06 11:16:22 #8 type] 
Type domain.Oferta is not enhanced.

[2026-10-06 11:16:22 #9 type] 
Type domain.Sale is not enhanced.

[2026-10-06 11:16:22 #10 type] 
Type domain.Resena is not enhanced.

[2026-10-06 11:16:22 #11 type] 
Type domain.Seller is not enhanced.

------------------------------------------------------------------------------------------------------------------------

[2026-10-06 11:23:33 #1 store] 
Database 'C:\Users\Jose\git\IS-IAller_JEcheveste_IGarcia\src\main\resources\products.temp' has been recovered (tr. 18-19)

[2026-10-06 11:23:33 #2 store] 
Database 'C:\Users\Jose\git\IS-IAller_JEcheveste_IGarcia\src\main\resources\products.temp' is opened by 24904@Joxe-Pc

[2026-10-06 11:23:34 #3 type] 
Type domain.Usuario is not enhanced.

[2026-10-06 11:23:34 #4 type] 
Type domain.Comprador is not enhanced.

[2026-10-06 11:23:34 #5 type] 
Type domain.Solicitud is not enhanced.

[2026-10-06 11:23:34 #6 type] 
Type domain.Friendly is not enhanced.

[2026-10-06 11:23:34 #7 type] 
Type domain.Cuentas is not enhanced.

[2026-10-06 11:23:34 #8 type] 
Type domain.Oferta is not enhanced.

[2026-10-06 11:23:34 #9 type] 
Type domain.Sale is not enhanced.

[2026-10-06 11:23:34 #10 type] 
Type domain.Resena is not enhanced.

[2026-10-06 11:23:34 #11 type] 
Type domain.Seller is not enhanced.

------------------------------------------------------------------------------------------------------------------------

[2026-10-06 11:24:45 #1 store] 
Database 'C:\Users\Jose\git\IS-IAller_JEcheveste_IGarcia\src\main\resources\products.temp' has been recovered (tr. 20-21)

[2026-10-06 11:24:45 #2 store] 
Database 'C:\Users\Jose\git\IS-IAller_JEcheveste_IGarcia\src\main\resources\products.temp' is opened by 440@Joxe-Pc

[2026-10-06 11:24:45 #3 type] 
Type domain.Usuario is not enhanced.

[2026-10-06 11:24:45 #4 type] 
Type domain.Comprador is not enhanced.

[2026-10-06 11:24:45 #5 type] 
Type domain.Solicitud is not enhanced.

[2026-10-06 11:24:45 #6 type] 
Type domain.Friendly is not enhanced.

[2026-10-06 11:24:45 #7 type] 
Type domain.Cuentas is not enhanced.

[2026-10-06 11:24:45 #8 type] 
Type domain.Oferta is not enhanced.

[2026-10-06 11:24:45 #9 type] 
Type domain.Sale is not enhanced.

[2026-10-06 11:24:45 #10 type] 
Type domain.Resena is not enhanced.

[2026-10-06 11:24:45 #11 type] 
Type domain.Seller is not enhanced.

------------------------------------------------------------------------------------------------------------------------

[2026-10-06 11:33:23 #1 store] 
Database 'C:\Users\Jose\git\IS-IAller_JEcheveste_IGarcia\src\main\resources\products.temp' has been recovered (tr. 22-23)

[2026-10-06 11:33:23 #2 store] 
Database 'C:\Users\Jose\git\IS-IAller_JEcheveste_IGarcia\src\main\resources\products.temp' is opened by 23688@Joxe-Pc

[2026-10-06 11:33:23 #3 type] 
Type domain.Usuario is not enhanced.

[2026-10-06 11:33:23 #4 type] 
Type domain.Comprador is not enhanced.

[2026-10-06 11:33:23 #5 type] 
Type domain.Solicitud is not enhanced.

[2026-10-06 11:33:23 #6 type] 
Type domain.Friendly is not enhanced.

[2026-10-06 11:33:23 #7 type] 
Type domain.Cuentas is not enhanced.

[2026-10-06 11:33:23 #8 type] 
Type domain.Oferta is not enhanced.

[2026-10-06 11:33:23 #9 type] 
Type domain.Sale is not enhanced.

[2026-10-06 11:33:23 #10 type] 
Type domain.Resena is not enhanced.

[2026-10-06 11:33:23 #11 type] 
Type domain.Seller is not enhanced.

------------------------------------------------------------------------------------------------------------------------

[2026-10-06 11:37:30 #1 store] 
Database 'C:\Users\Jose\git\IS-IAller_JEcheveste_IGarcia\src\main\resources\products.temp' has been recovered (tr. 24-25)

[2026-10-06 11:37:30 #2 store] 
Database 'C:\Users\Jose\git\IS-IAller_JEcheveste_IGarcia\src\main\resources\products.temp' is opened by 16544@Joxe-Pc

[2026-10-06 11:37:30 #3 type] 
Type domain.Usuario is not enhanced.

[2026-10-06 11:37:31 #4 type] 
Type domain.Comprador is not enhanced.

[2026-10-06 11:37:31 #5 type] 
Type domain.Solicitud is not enhanced.

[2026-10-06 11:37:31 #6 type] 
Type domain.Friendly is not enhanced.

[2026-10-06 11:37:31 #7 type] 
Type domain.Cuentas is not enhanced.

[2026-10-06 11:37:31 #8 type] 
Type domain.Oferta is not enhanced.

[2026-10-06 11:37:31 #9 type] 
Type domain.Sale is not enhanced.

[2026-10-06 11:37:31 #10 type] 
Type domain.Resena is not enhanced.

[2026-10-06 11:37:31 #11 type] 
Type domain.Seller is not enhanced.

------------------------------------------------------------------------------------------------------------------------

[2026-10-06 11:39:43 #1 store] 
Database 'C:\Users\Jose\git\IS-IAller_JEcheveste_IGarcia\src\main\resources\products.temp' has been recovered (tr. 26-27)

[2026-10-06 11:39:43 #2 store] 
Database 'C:\Users\Jose\git\IS-IAller_JEcheveste_IGarcia\src\main\resources\products.temp' is opened by 16440@Joxe-Pc

[2026-10-06 11:39:43 #3 type] 
Type domain.Usuario is not enhanced.

[2026-10-06 11:39:43 #4 type] 
Type domain.Comprador is not enhanced.

[2026-10-06 11:39:43 #5 type] 
Type domain.Solicitud is not enhanced.

[2026-10-06 11:39:43 #6 type] 
Type domain.Friendly is not enhanced.

[2026-10-06 11:39:43 #7 type] 
Type domain.Cuentas is not enhanced.

[2026-10-06 11:39:43 #8 type] 
Type domain.Oferta is not enhanced.

[2026-10-06 11:39:43 #9 type] 
Type domain.Sale is not enhanced.

[2026-10-06 11:39:43 #10 type] 
Type domain.Resena is not enhanced.

[2026-10-06 11:39:43 #11 type] 
Type domain.Seller is not enhanced.

------------------------------------------------------------------------------------------------------------------------

[2026-10-06 11:41:08 #1 store] 
Database 'C:\Users\Jose\git\IS-IAller_JEcheveste_IGarcia\src\main\resources\products.temp' has been recovered (tr. 28-29)

[2026-10-06 11:41:08 #2 store] 
Database 'C:\Users\Jose\git\IS-IAller_JEcheveste_IGarcia\src\main\resources\products.temp' is opened by 8696@Joxe-Pc

[2026-10-06 11:41:08 #3 type] 
Type domain.Usuario is not enhanced.

[2026-10-06 11:41:08 #4 type] 
Type domain.Comprador is not enhanced.

[2026-10-06 11:41:08 #5 type] 
Type domain.Solicitud is not enhanced.

[2026-10-06 11:41:08 #6 type] 
Type domain.Friendly is not enhanced.

[2026-10-06 11:41:08 #7 type] 
Type domain.Cuentas is not enhanced.

[2026-10-06 11:41:08 #8 type] 
Type domain.Oferta is not enhanced.

[2026-10-06 11:41:09 #9 type] 
Type domain.Sale is not enhanced.

[2026-10-06 11:41:09 #10 type] 
Type domain.Resena is not enhanced.

[2026-10-06 11:41:09 #11 type] 
Type domain.Seller is not enhanced.

------------------------------------------------------------------------------------------------------------------------

[2026-10-06 17:49:31 #1 store] 
Database 'C:\Users\Jose\git\IS-IAller_JEcheveste_IGarcia\src\main\resources\products.temp' has been recovered (tr. 30-37)

[2026-10-06 17:49:32 #2 store] 
Database 'C:\Users\Jose\git\IS-IAller_JEcheveste_IGarcia\src\main\resources\products.temp' is opened by 18380@Joxe-Pc

[2026-10-06 17:49:32 #3 type] 
Type domain.Usuario is not enhanced.

[2026-10-06 17:49:32 #4 type] 
Type domain.Comprador is not enhanced.

[2026-10-06 17:49:32 #5 type] 
Type domain.Solicitud is not enhanced.

[2026-10-06 17:49:32 #6 type] 
Type domain.Friendly is not enhanced.

[2026-10-06 17:49:32 #7 type] 
Type domain.Cuentas is not enhanced.

[2026-10-06 17:49:32 #8 type] 
Type domain.Oferta is not enhanced.

[2026-10-06 17:49:32 #9 type] 
Type domain.Sale is not enhanced.

[2026-10-06 17:49:32 #10 type] 
Type domain.Resena is not enhanced.

[2026-10-06 17:49:32 #11 type] 
Type domain.Seller is not enhanced.

------------------------------------------------------------------------------------------------------------------------

[2026-10-06 17:49:57 #1 store] 
Database 'C:\Users\Jose\git\IS-IAller_JEcheveste_IGarcia\src\main\resources\products.temp' is opened by 20456@Joxe-Pc

[2026-10-06 17:49:57 #2 type] 
Type domain.Usuario is not enhanced.

[2026-10-06 17:49:57 #3 type] 
Type domain.Comprador is not enhanced.

[2026-10-06 17:49:57 #4 type] 
Type domain.Solicitud is not enhanced.

[2026-10-06 17:49:57 #5 type] 
Type domain.Friendly is not enhanced.

[2026-10-06 17:49:57 #6 type] 
Type domain.Cuentas is not enhanced.

[2026-10-06 17:49:57 #7 type] 
Type domain.Oferta is not enhanced.

[2026-10-06 17:49:57 #8 type] 
Type domain.Sale is not enhanced.

[2026-10-06 17:49:57 #9 type] 
Type domain.Resena is not enhanced.

[2026-10-06 17:49:57 #10 type] 
Type domain.Seller is not enhanced.

