------------------------------------------------------------------------------------------------------------------------

[2026-10-07 09:10:01 #1 store] 
Database 'C:\Users\Jose\git\IS-IAller_JEcheveste_IGarcia\src\main\resources\products.temp' has been recovered (tr. 152-176)

[2026-10-07 09:10:01 #2 store] 
Database 'C:\Users\Jose\git\IS-IAller_JEcheveste_IGarcia\src\main\resources\products.temp' is opened by 4820@Joxe-Pc

[2026-10-07 09:10:01 #3 type] 
Type domain.Usuario is not enhanced.

[2026-10-07 09:10:01 #4 type] 
Type domain.Comprador is not enhanced.

[2026-10-07 09:10:01 #5 type] 
Type domain.Solicitud is not enhanced.

[2026-10-07 09:10:01 #6 type] 
Type domain.Friendly is not enhanced.

[2026-10-07 09:10:01 #7 type] 
Type domain.Cuentas is not enhanced.

[2026-10-07 09:10:01 #8 type] 
Type domain.Oferta is not enhanced.

[2026-10-07 09:10:01 #9 type] 
Type domain.Sale is not enhanced.

[2026-10-07 09:10:01 #10 type] 
Type domain.Resena is not enhanced.

[2026-10-07 09:10:01 #11 type] 
Type domain.Seller is not enhanced.

------------------------------------------------------------------------------------------------------------------------

[2026-10-07 09:10:31 #1 store] 
Database 'C:\Users\Jose\git\IS-IAller_JEcheveste_IGarcia\src\main\resources\products.temp' has been recovered (tr. 177-184)

[2026-10-07 09:10:31 #2 store] 
Database 'C:\Users\Jose\git\IS-IAller_JEcheveste_IGarcia\src\main\resources\products.temp' is opened by 13024@Joxe-Pc

[2026-10-07 09:10:31 #3 type] 
Type domain.Usuario is not enhanced.

[2026-10-07 09:10:31 #4 type] 
Type domain.Comprador is not enhanced.

[2026-10-07 09:10:31 #5 type] 
Type domain.Solicitud is not enhanced.

[2026-10-07 09:10:31 #6 type] 
Type domain.Friendly is not enhanced.

[2026-10-07 09:10:31 #7 type] 
Type domain.Cuentas is not enhanced.

[2026-10-07 09:10:31 #8 type] 
Type domain.Oferta is not enhanced.

[2026-10-07 09:10:31 #9 type] 
Type domain.Sale is not enhanced.

[2026-10-07 09:10:31 #10 type] 
Type domain.Resena is not enhanced.

[2026-10-07 09:10:31 #11 type] 
Type domain.Seller is not enhanced.

------------------------------------------------------------------------------------------------------------------------

[2026-10-07 20:45:27 #1 store] 
Database 'C:\Users\Jose\git\IS-IAller_JEcheveste_IGarcia\src\main\resources\products.temp' has been recovered (tr. 185-209)

[2026-10-07 20:45:27 #2 store] 
Database 'C:\Users\Jose\git\IS-IAller_JEcheveste_IGarcia\src\main\resources\products.temp' is opened by 12208@Joxe-Pc

[2026-10-07 20:45:27 #3 type] 
Type domain.Usuario is not enhanced.

[2026-10-07 20:45:27 #4 type] 
Type domain.Comprador is not enhanced.

[2026-10-07 20:45:27 #5 type] 
Type domain.Solicitud is not enhanced.

[2026-10-07 20:45:27 #6 type] 
Type domain.Friendly is not enhanced.

[2026-10-07 20:45:27 #7 type] 
Type domain.Cuentas is not enhanced.

[2026-10-07 20:45:27 #8 type] 
Type domain.Oferta is not enhanced.

[2026-10-07 20:45:27 #9 type] 
Type domain.Sale is not enhanced.

[2026-10-07 20:45:27 #10 type] 
Type domain.Resena is not enhanced.

[2026-10-07 20:45:27 #11 type] 
Type domain.Seller is not enhanced.

