SonarCloud plugins:
  - Text Code Quality and Security 2.51.0.13430 (textenterprise)
  - IaC Code Quality and Security 2.20.0.24052 (iac)
Project server settings:
  - sonar.abap.file.suffixes=.abap,.ab4,.flow,.asprog
  - sonar.apex.file.suffixes=.cls,.trigger,.apex
  - sonar.autoscan.enabled=false
  - sonar.azureresourcemanager.file.suffixes=.bicep
  - sonar.c.file.suffixes=.c,.h
  - sonar.cpp.file.suffixes=.cc,.cpp,.cxx,.c++,.hh,.hpp,.hxx,.h++,.ipp,.ixx,.mxx,.cppm,.ccm,.cxxm,.c++m
  - sonar.cs.file.suffixes=.cs,.razor
  - sonar.css.file.suffixes=.css,.less,.scss,.sass
  - sonar.dart.file.suffixes=.dart
  - sonar.dataweave.file.suffixes=dwl
  - sonar.docker.file.patterns=*.dockerfile,Dockerfile,dockerfile,*.containerfile,Containerfile,containerfile
  - sonar.flex.file.suffixes=as
  - sonar.go.file.suffixes=.go
  - sonar.gosu.file.suffixes=gs,gsx,gsp
  - sonar.groovy.file.patterns=*Jenkinsfile
  - sonar.groovy.file.suffixes=groovy,gvy,gy,gsh
  - sonar.html.file.suffixes=.html,.xhtml,.cshtml,.vbhtml,.aspx,.ascx,.rhtml,.erb,.shtm,.shtml,.cmp,.twig,.htm
  - sonar.ipynb.file.suffixes=ipynb
  - sonar.java.file.suffixes=.java,.jav
  - sonar.java.jvmframeworkconfig.file.patterns=**/src/main/resources/**/*app*.properties,**/src/main/resources/**/*app*.yaml,**/src/main/resources/**/*app*.yml
  - sonar.javascript.css.additional.file.suffixes=.vue,.html,.htm,.xhtml
  - sonar.javascript.file.suffixes=.js,.jsx,.cjs,.mjs,.vue
  - sonar.javascript.html.file.suffixes=.html,.htm,.xhtml
  - sonar.javascript.yaml.file.suffixes=.yml,.yaml
  - sonar.jcl.file.suffixes=.jcl
  - sonar.json.file.suffixes=.json
  - sonar.jsp.file.suffixes=.jsp,.jspf,.jspx
  - sonar.kotlin.file.suffixes=.kt,.kts
  - sonar.objc.file.suffixes=.m
  - sonar.php.file.suffixes=php,php3,php4,php5,phtml,inc
  - sonar.pli.file.suffixes=.pli
  - sonar.plsql.file.suffixes=sql,tab,pkb
  - sonar.postgres.file.suffixes=pgsql,psql
  - sonar.powershell.file.suffixes=ps1,psm1,psd1
  - sonar.python.file.suffixes=py
  - sonar.r.file.suffixes=R,r,Rmd,rmd
  - sonar.rpg.file.suffixes=.rpg,.rpgle,.sqlrpgle,.RPG,.RPGLE,.SQLRPGLE
  - sonar.ruby.file.suffixes=.rb
  - sonar.rust.file.suffixes=.rs
  - sonar.scala.file.suffixes=.scala
  - sonar.secrets.excluded.file.suffixes=.adoc,.md,.mdx,.dist,.html,.example,.sample,.template
  - sonar.shell.file.suffixes=.sh,.bash
  - sonar.swift.file.suffixes=.swift
  - sonar.terraform.file.suffixes=.tf
  - sonar.tsql.file.suffixes=.tsql
  - sonar.typescript.file.suffixes=.ts,.tsx,.cts,.mts
  - sonar.vb.file.suffixes=.bas,.frm,.ctl
  - sonar.vbnet.file.suffixes=.vb
  - sonar.xml.file.suffixes=.xml,.xsd,.xsl,.config
  - sonar.yaml.file.suffixes=.yaml,.yml
Project scanner properties:
  - sonar.coverage.jacoco.xmlReportPaths=PurchaseArticle.xml
  - sonar.dynamicAnalysis=reuseReports
  - sonar.host.url=https://sonarcloud.io
  - sonar.java.binaries=bin
  - sonar.java.coveragePlugin=jacoco
  - sonar.language=java
  - sonar.organization=pruebasisjag
  - sonar.projectBaseDir=C:\Users\Jose\IS-GIT\It1-IAller_JEcheveste_IGarcia
  - sonar.projectKey=pruebasisjag_market26-itfinal
  - sonar.projectName=Market26-ItFinal
  - sonar.projectVersion=0.0.1
  - sonar.scanner.apiBaseUrl=https://api.sonarcloud.io
  - sonar.scanner.app=ScannerCLI
  - sonar.scanner.appVersion=8.1.0.6389
  - sonar.scanner.arch=amd64
  - sonar.scanner.bootstrapStartTime=1790764885087
  - sonar.scanner.home=C:\Users\Jose\Desktop\sonar-scanner-8.1.0.6389-windows-x64\bin\..
  - sonar.scanner.os=windows
  - sonar.scanner.sonarcloudUrl=https://sonarcloud.io
  - sonar.scanner.truststorePassword=******
  - sonar.scanner.truststorePath=C:\Users\Jose\Desktop\sonar-scanner-8.1.0.6389-windows-x64\jre\lib\security\cacerts
  - sonar.scanner.wasEngineCacheHit=true
  - sonar.scanner.wasJreCacheHit=HIT
  - sonar.sources=src
  - sonar.token=******
  - sonar.working.directory=C:\Users\Jose\IS-GIT\It1-IAller_JEcheveste_IGarcia\.scannerwork
