------------------------------------------------------------------------------------------------------------------------

[2026-09-30 09:01:49 #1 store] 
Database 'C:\Users\Jose\IS-GIT\It1-IAller_JEcheveste_IGarcia\src\main\resources\products.temp' has been recovered (tr. 3-3)

[2026-09-30 09:01:49 #2 store] 
Database 'C:\Users\Jose\IS-GIT\It1-IAller_JEcheveste_IGarcia\src\main\resources\products.temp' is opened by 10228@Joxe-Pc

[2026-09-30 09:01:49 #3 type] 
Type domain.Usuario is not enhanced.

[2026-09-30 09:02:06 #4 type.registry] 
New type domain.Comprador

[2026-09-30 09:02:06 #5 type] 
Type domain.Comprador is not enhanced.

[2026-09-30 09:02:06 #6 type.registry] 
New type domain.Solicitud

[2026-09-30 09:02:06 #7 type.registry] 
New type java.util.ArrayList<domain.Solicitud>

[2026-09-30 09:02:06 #8 type.registry] 
New type domain.Friendly

[2026-09-30 09:02:06 #9 type.registry] 
New type java.util.ArrayList<domain.Friendly>

[2026-09-30 09:02:06 #10 type.registry] 
New type domain.Cuentas

[2026-09-30 09:02:06 #11 type.registry] 
New type domain.Oferta

[2026-09-30 09:02:06 #12 type.registry] 
New type java.util.ArrayList<domain.Oferta>

[2026-09-30 09:02:06 #13 type.registry] 
New type domain.Sale

[2026-09-30 09:02:06 #14 type.registry] 
New type java.util.ArrayList<domain.Sale>

[2026-09-30 09:02:06 #15 type] 
Type domain.Solicitud is not enhanced.

[2026-09-30 09:02:06 #16 type] 
Type domain.Friendly is not enhanced.

[2026-09-30 09:02:06 #17 type] 
Type domain.Cuentas is not enhanced.

[2026-09-30 09:02:06 #18 type] 
Type domain.Oferta is not enhanced.

[2026-09-30 09:02:06 #19 type] 
Type domain.Sale is not enhanced.

[2026-09-30 09:02:06 #20 type.registry] 
New type domain.Resena

[2026-09-30 09:02:06 #21 type.registry] 
New type java.util.ArrayList<domain.Resena>

[2026-09-30 09:02:06 #22 type.registry] 
New type domain.Seller

[2026-09-30 09:02:06 #23 type] 
Type domain.Resena is not enhanced.

[2026-09-30 09:02:06 #24 type] 
Type domain.Seller is not enhanced.

[2026-09-30 09:02:06 #25 type.registry] 
New type java.util.ArrayList<java.lang.Object>

------------------------------------------------------------------------------------------------------------------------

[2026-09-30 09:05:56 #1 store] 
Database 'C:\Users\Jose\IS-GIT\It1-IAller_JEcheveste_IGarcia\src\main\resources\products.temp' has been recovered (tr. 4-6)

[2026-09-30 09:05:56 #2 store] 
Database 'C:\Users\Jose\IS-GIT\It1-IAller_JEcheveste_IGarcia\src\main\resources\products.temp' is opened by 9968@Joxe-Pc

[2026-09-30 09:05:56 #3 type] 
Type domain.Usuario is not enhanced.

[2026-09-30 09:05:56 #4 type] 
Type domain.Comprador is not enhanced.

[2026-09-30 09:05:56 #5 type] 
Type domain.Solicitud is not enhanced.

[2026-09-30 09:05:56 #6 type] 
Type domain.Friendly is not enhanced.

[2026-09-30 09:05:56 #7 type] 
Type domain.Cuentas is not enhanced.

[2026-09-30 09:05:56 #8 type] 
Type domain.Oferta is not enhanced.

[2026-09-30 09:05:56 #9 type] 
Type domain.Sale is not enhanced.

[2026-09-30 09:05:56 #10 type] 
Type domain.Resena is not enhanced.

[2026-09-30 09:05:56 #11 type] 
Type domain.Seller is not enhanced.

