------------------------------------------------------------------------------------------------------------------------

[2026-10-07 09:10:01 #1 store] 
Database 'C:\Users\Jose\git\IS-IAller_JEcheveste_IGarcia\src\main\resources\products.temp' has been recovered (tr. 152-176)

[2026-10-07 09:10:01 #2 store] 
Database 'C:\Users\Jose\git\IS-IAller_JEcheveste_IGarcia\src\main\resources\products.temp' is opened by 4820@Joxe-Pc

[2026-10-07 09:10:01 #3 type] 
Type domain.Usuario is not enhanced.

[2026-10-07 09:10:01 #4 type] 
Type domain.Comprador is not enhanced.

[2026-10-07 09:10:01 #5 type] 
Type domain.Solicitud is not enhanced.

[2026-10-07 09:10:01 #6 type] 
Type domain.Friendly is not enhanced.

[2026-10-07 09:10:01 #7 type] 
Type domain.Cuentas is not enhanced.

[2026-10-07 09:10:01 #8 type] 
Type domain.Oferta is not enhanced.

[2026-10-07 09:10:01 #9 type] 
Type domain.Sale is not enhanced.

[2026-10-07 09:10:01 #10 type] 
Type domain.Resena is not enhanced.

[2026-10-07 09:10:01 #11 type] 
Type domain.Seller is not enhanced.

------------------------------------------------------------------------------------------------------------------------

[2026-10-07 09:10:31 #1 store] 
Database 'C:\Users\Jose\git\IS-IAller_JEcheveste_IGarcia\src\main\resources\products.temp' has been recovered (tr. 177-184)

[2026-10-07 09:10:31 #2 store] 
Database 'C:\Users\Jose\git\IS-IAller_JEcheveste_IGarcia\src\main\resources\products.temp' is opened by 13024@Joxe-Pc

[2026-10-07 09:10:31 #3 type] 
Type domain.Usuario is not enhanced.

[2026-10-07 09:10:31 #4 type] 
Type domain.Comprador is not enhanced.

[2026-10-07 09:10:31 #5 type] 
Type domain.Solicitud is not enhanced.

[2026-10-07 09:10:31 #6 type] 
Type domain.Friendly is not enhanced.

[2026-10-07 09:10:31 #7 type] 
Type domain.Cuentas is not enhanced.

[2026-10-07 09:10:31 #8 type] 
Type domain.Oferta is not enhanced.

[2026-10-07 09:10:31 #9 type] 
Type domain.Sale is not enhanced.

[2026-10-07 09:10:31 #10 type] 
Type domain.Resena is not enhanced.

[2026-10-07 09:10:31 #11 type] 
Type domain.Seller is not enhanced.

------------------------------------------------------------------------------------------------------------------------

[2026-10-07 20:45:27 #1 store] 
Database 'C:\Users\Jose\git\IS-IAller_JEcheveste_IGarcia\src\main\resources\products.temp' has been recovered (tr. 185-209)

[2026-10-07 20:45:27 #2 store] 
Database 'C:\Users\Jose\git\IS-IAller_JEcheveste_IGarcia\src\main\resources\products.temp' is opened by 12208@Joxe-Pc

[2026-10-07 20:45:27 #3 type] 
Type domain.Usuario is not enhanced.

[2026-10-07 20:45:27 #4 type] 
Type domain.Comprador is not enhanced.

[2026-10-07 20:45:27 #5 type] 
Type domain.Solicitud is not enhanced.

[2026-10-07 20:45:27 #6 type] 
Type domain.Friendly is not enhanced.

[2026-10-07 20:45:27 #7 type] 
Type domain.Cuentas is not enhanced.

[2026-10-07 20:45:27 #8 type] 
Type domain.Oferta is not enhanced.

[2026-10-07 20:45:27 #9 type] 
Type domain.Sale is not enhanced.

[2026-10-07 20:45:27 #10 type] 
Type domain.Resena is not enhanced.

[2026-10-07 20:45:27 #11 type] 
Type domain.Seller is not enhanced.

------------------------------------------------------------------------------------------------------------------------

[2026-10-07 23:29:48 #1 store] 
Database 'C:\Users\Jose\git\IS-IAller_JEcheveste_IGarcia\src\main\resources\products.temp' has been recovered (tr. 251-291)

[2026-10-07 23:29:48 #2 store] 
Database 'C:\Users\Jose\git\IS-IAller_JEcheveste_IGarcia\src\main\resources\products.temp' is opened by 11964@Joxe-Pc

[2026-10-07 23:29:48 #3 type] 
Type domain.Usuario is not enhanced.

[2026-10-07 23:29:48 #4 type] 
Type domain.Comprador is not enhanced.

[2026-10-07 23:29:48 #5 type] 
Type domain.Solicitud is not enhanced.

[2026-10-07 23:29:48 #6 type] 
Type domain.Friendly is not enhanced.

[2026-10-07 23:29:48 #7 type] 
Type domain.Cuentas is not enhanced.

[2026-10-07 23:29:48 #8 type] 
Type domain.Oferta is not enhanced.

[2026-10-07 23:29:48 #9 type] 
Type domain.Sale is not enhanced.

[2026-10-07 23:29:48 #10 type] 
Type domain.Resena is not enhanced.

[2026-10-07 23:29:48 #11 type] 
Type domain.Seller is not enhanced.

------------------------------------------------------------------------------------------------------------------------

[2026-10-07 23:30:57 #1 store] 
Database 'C:\Users\Jose\git\IS-IAller_JEcheveste_IGarcia\src\main\resources\products.temp' has been recovered (tr. 292-332)

[2026-10-07 23:30:57 #2 store] 
Database 'C:\Users\Jose\git\IS-IAller_JEcheveste_IGarcia\src\main\resources\products.temp' is opened by 24964@Joxe-Pc

[2026-10-07 23:30:57 #3 type] 
Type domain.Usuario is not enhanced.

[2026-10-07 23:30:57 #4 type] 
Type domain.Comprador is not enhanced.

[2026-10-07 23:30:57 #5 type] 
Type domain.Solicitud is not enhanced.

[2026-10-07 23:30:57 #6 type] 
Type domain.Friendly is not enhanced.

[2026-10-07 23:30:57 #7 type] 
Type domain.Cuentas is not enhanced.

[2026-10-07 23:30:57 #8 type] 
Type domain.Oferta is not enhanced.

[2026-10-07 23:30:57 #9 type] 
Type domain.Sale is not enhanced.

[2026-10-07 23:30:57 #10 type] 
Type domain.Resena is not enhanced.

[2026-10-07 23:30:57 #11 type] 
Type domain.Seller is not enhanced.

------------------------------------------------------------------------------------------------------------------------

[2026-10-07 23:31:24 #1 store] 
Database 'C:\Users\Jose\git\IS-IAller_JEcheveste_IGarcia\src\main\resources\products.temp' has been recovered (tr. 333-357)

[2026-10-07 23:31:24 #2 store] 
Database 'C:\Users\Jose\git\IS-IAller_JEcheveste_IGarcia\src\main\resources\products.temp' is opened by 27504@Joxe-Pc

[2026-10-07 23:31:24 #3 type] 
Type domain.Usuario is not enhanced.

[2026-10-07 23:31:24 #4 type] 
Type domain.Comprador is not enhanced.

[2026-10-07 23:31:24 #5 type] 
Type domain.Solicitud is not enhanced.

[2026-10-07 23:31:24 #6 type] 
Type domain.Friendly is not enhanced.

[2026-10-07 23:31:24 #7 type] 
Type domain.Cuentas is not enhanced.

[2026-10-07 23:31:24 #8 type] 
Type domain.Oferta is not enhanced.

[2026-10-07 23:31:24 #9 type] 
Type domain.Sale is not enhanced.

[2026-10-07 23:31:24 #10 type] 
Type domain.Resena is not enhanced.

[2026-10-07 23:31:24 #11 type] 
Type domain.Seller is not enhanced.

------------------------------------------------------------------------------------------------------------------------

[2026-10-07 23:31:33 #1 store] 
Database 'C:\Users\Jose\git\IS-IAller_JEcheveste_IGarcia\src\main\resources\products.temp' has been recovered (tr. 358-382)

[2026-10-07 23:31:33 #2 store] 
Database 'C:\Users\Jose\git\IS-IAller_JEcheveste_IGarcia\src\main\resources\products.temp' is opened by 2344@Joxe-Pc

[2026-10-07 23:31:33 #3 type] 
Type domain.Usuario is not enhanced.

[2026-10-07 23:31:33 #4 type] 
Type domain.Comprador is not enhanced.

[2026-10-07 23:31:33 #5 type] 
Type domain.Solicitud is not enhanced.

[2026-10-07 23:31:33 #6 type] 
Type domain.Friendly is not enhanced.

[2026-10-07 23:31:33 #7 type] 
Type domain.Cuentas is not enhanced.

[2026-10-07 23:31:33 #8 type] 
Type domain.Oferta is not enhanced.

[2026-10-07 23:31:33 #9 type] 
Type domain.Sale is not enhanced.

[2026-10-07 23:31:33 #10 type] 
Type domain.Resena is not enhanced.

[2026-10-07 23:31:33 #11 type] 
Type domain.Seller is not enhanced.

------------------------------------------------------------------------------------------------------------------------

[2026-10-07 23:31:55 #1 store] 
Database 'C:\Users\Jose\git\IS-IAller_JEcheveste_IGarcia\src\main\resources\products.temp' has been recovered (tr. 383-407)

[2026-10-07 23:31:55 #2 store] 
Database 'C:\Users\Jose\git\IS-IAller_JEcheveste_IGarcia\src\main\resources\products.temp' is opened by 27032@Joxe-Pc

[2026-10-07 23:31:55 #3 type] 
Type domain.Usuario is not enhanced.

[2026-10-07 23:31:56 #4 type] 
Type domain.Comprador is not enhanced.

[2026-10-07 23:31:56 #5 type] 
Type domain.Solicitud is not enhanced.

[2026-10-07 23:31:56 #6 type] 
Type domain.Friendly is not enhanced.

[2026-10-07 23:31:56 #7 type] 
Type domain.Cuentas is not enhanced.

[2026-10-07 23:31:56 #8 type] 
Type domain.Oferta is not enhanced.

[2026-10-07 23:31:56 #9 type] 
Type domain.Sale is not enhanced.

[2026-10-07 23:31:56 #10 type] 
Type domain.Resena is not enhanced.

[2026-10-07 23:31:56 #11 type] 
Type domain.Seller is not enhanced.

------------------------------------------------------------------------------------------------------------------------

[2026-10-07 23:32:36 #1 store] 
Database 'C:\Users\Jose\git\IS-IAller_JEcheveste_IGarcia\src\main\resources\products.temp' has been recovered (tr. 408-432)

[2026-10-07 23:32:36 #2 store] 
Database 'C:\Users\Jose\git\IS-IAller_JEcheveste_IGarcia\src\main\resources\products.temp' is opened by 28132@Joxe-Pc

[2026-10-07 23:32:36 #3 type] 
Type domain.Usuario is not enhanced.

[2026-10-07 23:32:37 #4 type] 
Type domain.Comprador is not enhanced.

[2026-10-07 23:32:37 #5 type] 
Type domain.Solicitud is not enhanced.

[2026-10-07 23:32:37 #6 type] 
Type domain.Friendly is not enhanced.

[2026-10-07 23:32:37 #7 type] 
Type domain.Cuentas is not enhanced.

[2026-10-07 23:32:37 #8 type] 
Type domain.Oferta is not enhanced.

[2026-10-07 23:32:37 #9 type] 
Type domain.Sale is not enhanced.

[2026-10-07 23:32:37 #10 type] 
Type domain.Resena is not enhanced.

[2026-10-07 23:32:37 #11 type] 
Type domain.Seller is not enhanced.

------------------------------------------------------------------------------------------------------------------------

[2026-10-07 23:32:46 #1 store] 
Database 'C:\Users\Jose\git\IS-IAller_JEcheveste_IGarcia\src\main\resources\products.temp' has been recovered (tr. 433-457)

[2026-10-07 23:32:47 #2 store] 
Database 'C:\Users\Jose\git\IS-IAller_JEcheveste_IGarcia\src\main\resources\products.temp' is opened by 19816@Joxe-Pc

[2026-10-07 23:32:47 #3 type] 
Type domain.Usuario is not enhanced.

[2026-10-07 23:32:47 #4 type] 
Type domain.Comprador is not enhanced.

[2026-10-07 23:32:47 #5 type] 
Type domain.Solicitud is not enhanced.

[2026-10-07 23:32:47 #6 type] 
Type domain.Friendly is not enhanced.

[2026-10-07 23:32:47 #7 type] 
Type domain.Cuentas is not enhanced.

[2026-10-07 23:32:47 #8 type] 
Type domain.Oferta is not enhanced.

[2026-10-07 23:32:47 #9 type] 
Type domain.Sale is not enhanced.

[2026-10-07 23:32:47 #10 type] 
Type domain.Resena is not enhanced.

[2026-10-07 23:32:47 #11 type] 
Type domain.Seller is not enhanced.

------------------------------------------------------------------------------------------------------------------------

[2026-10-07 23:33:31 #1 store] 
Database 'C:\Users\Jose\git\IS-IAller_JEcheveste_IGarcia\src\main\resources\products.temp' has been recovered (tr. 458-482)

[2026-10-07 23:33:31 #2 store] 
Database 'C:\Users\Jose\git\IS-IAller_JEcheveste_IGarcia\src\main\resources\products.temp' is opened by 7060@Joxe-Pc

[2026-10-07 23:33:32 #3 type] 
Type domain.Usuario is not enhanced.

[2026-10-07 23:33:32 #4 type] 
Type domain.Comprador is not enhanced.

[2026-10-07 23:33:32 #5 type] 
Type domain.Solicitud is not enhanced.

[2026-10-07 23:33:32 #6 type] 
Type domain.Friendly is not enhanced.

[2026-10-07 23:33:32 #7 type] 
Type domain.Cuentas is not enhanced.

[2026-10-07 23:33:32 #8 type] 
Type domain.Oferta is not enhanced.

[2026-10-07 23:33:32 #9 type] 
Type domain.Sale is not enhanced.

[2026-10-07 23:33:32 #10 type] 
Type domain.Resena is not enhanced.

[2026-10-07 23:33:32 #11 type] 
Type domain.Seller is not enhanced.

