------------------------------------------------------------------------------------------------------------------------

[2026-10-08 11:06:04 #1 store] 
Database 'C:\Users\anemi\git\IS-IAller_JEcheveste_IGarcia\src\main\resources\products.temp' has been recovered (tr. 508-515)

[2026-10-08 11:06:04 #2 store] 
Database 'C:\Users\anemi\git\IS-IAller_JEcheveste_IGarcia\src\main\resources\products.temp' is opened by 15788@PortatilAne

[2026-10-08 11:06:04 #3 type] 
Type domain.Usuario is not enhanced.

[2026-10-08 11:06:04 #4 type] 
Type domain.Comprador is not enhanced.

[2026-10-08 11:06:04 #5 type] 
Type domain.Solicitud is not enhanced.

[2026-10-08 11:06:04 #6 type] 
Type domain.Friendly is not enhanced.

[2026-10-08 11:06:04 #7 type] 
Type domain.Cuentas is not enhanced.

[2026-10-08 11:06:04 #8 type] 
Type domain.Oferta is not enhanced.

[2026-10-08 11:06:04 #9 type] 
Type domain.Sale is not enhanced.

[2026-10-08 11:06:04 #10 type] 
Type domain.Resena is not enhanced.

[2026-10-08 11:06:04 #11 type] 
Type domain.Seller is not enhanced.

------------------------------------------------------------------------------------------------------------------------

[2026-10-08 11:09:09 #1 store] 
Database 'C:\Users\anemi\git\IS-IAller_JEcheveste_IGarcia\src\main\resources\products.temp' has been recovered (tr. 516-523)

[2026-10-08 11:09:09 #2 store] 
Database 'C:\Users\anemi\git\IS-IAller_JEcheveste_IGarcia\src\main\resources\products.temp' is opened by 38000@PortatilAne

[2026-10-08 11:09:09 #3 type] 
Type domain.Usuario is not enhanced.

[2026-10-08 11:09:09 #4 type] 
Type domain.Comprador is not enhanced.

[2026-10-08 11:09:09 #5 type] 
Type domain.Solicitud is not enhanced.

[2026-10-08 11:09:09 #6 type] 
Type domain.Friendly is not enhanced.

[2026-10-08 11:09:09 #7 type] 
Type domain.Cuentas is not enhanced.

[2026-10-08 11:09:09 #8 type] 
Type domain.Oferta is not enhanced.

[2026-10-08 11:09:09 #9 type] 
Type domain.Sale is not enhanced.

[2026-10-08 11:09:09 #10 type] 
Type domain.Resena is not enhanced.

[2026-10-08 11:09:09 #11 type] 
Type domain.Seller is not enhanced.

------------------------------------------------------------------------------------------------------------------------

[2026-10-08 11:09:36 #1 store] 
Database 'C:\Users\anemi\git\IS-IAller_JEcheveste_IGarcia\src\main\resources\products.temp' has been recovered (tr. 524-576)

[2026-10-08 11:09:36 #2 store] 
Database 'C:\Users\anemi\git\IS-IAller_JEcheveste_IGarcia\src\main\resources\products.temp' is opened by 35372@PortatilAne

[2026-10-08 11:09:36 #3 type] 
Type domain.Usuario is not enhanced.

[2026-10-08 11:09:36 #4 type] 
Type domain.Comprador is not enhanced.

[2026-10-08 11:09:36 #5 type] 
Type domain.Solicitud is not enhanced.

[2026-10-08 11:09:36 #6 type] 
Type domain.Friendly is not enhanced.

[2026-10-08 11:09:36 #7 type] 
Type domain.Cuentas is not enhanced.

[2026-10-08 11:09:36 #8 type] 
Type domain.Oferta is not enhanced.

[2026-10-08 11:09:36 #9 type] 
Type domain.Sale is not enhanced.

[2026-10-08 11:09:36 #10 type] 
Type domain.Resena is not enhanced.

[2026-10-08 11:09:36 #11 type] 
Type domain.Seller is not enhanced.

------------------------------------------------------------------------------------------------------------------------

[2026-10-08 11:10:14 #1 store] 
Database 'C:\Users\anemi\git\IS-IAller_JEcheveste_IGarcia\src\main\resources\products.temp' has been recovered (tr. 577-584)

[2026-10-08 11:10:14 #2 store] 
Database 'C:\Users\anemi\git\IS-IAller_JEcheveste_IGarcia\src\main\resources\products.temp' is opened by 17828@PortatilAne

[2026-10-08 11:10:14 #3 type] 
Type domain.Usuario is not enhanced.

[2026-10-08 11:10:14 #4 type] 
Type domain.Comprador is not enhanced.

[2026-10-08 11:10:14 #5 type] 
Type domain.Solicitud is not enhanced.

[2026-10-08 11:10:14 #6 type] 
Type domain.Friendly is not enhanced.

[2026-10-08 11:10:14 #7 type] 
Type domain.Cuentas is not enhanced.

[2026-10-08 11:10:14 #8 type] 
Type domain.Oferta is not enhanced.

[2026-10-08 11:10:14 #9 type] 
Type domain.Sale is not enhanced.

[2026-10-08 11:10:14 #10 type] 
Type domain.Resena is not enhanced.

[2026-10-08 11:10:14 #11 type] 
Type domain.Seller is not enhanced.

------------------------------------------------------------------------------------------------------------------------

[2026-10-08 11:17:09 #1 store] 
Database 'C:\Users\anemi\git\IS-IAller_JEcheveste_IGarcia\src\main\resources\products.temp' has been recovered (tr. 585-592)

[2026-10-08 11:17:10 #2 store] 
Database 'C:\Users\anemi\git\IS-IAller_JEcheveste_IGarcia\src\main\resources\products.temp' is opened by 39688@PortatilAne

[2026-10-08 11:17:10 #3 type] 
Type domain.Usuario is not enhanced.

[2026-10-08 11:17:10 #4 type] 
Type domain.Comprador is not enhanced.

[2026-10-08 11:17:10 #5 type] 
Type domain.Solicitud is not enhanced.

[2026-10-08 11:17:10 #6 type] 
Type domain.Friendly is not enhanced.

[2026-10-08 11:17:10 #7 type] 
Type domain.Cuentas is not enhanced.

[2026-10-08 11:17:10 #8 type] 
Type domain.Oferta is not enhanced.

[2026-10-08 11:17:10 #9 type] 
Type domain.Sale is not enhanced.

[2026-10-08 11:17:10 #10 type] 
Type domain.Resena is not enhanced.

[2026-10-08 11:17:10 #11 type] 
Type domain.Seller is not enhanced.

------------------------------------------------------------------------------------------------------------------------

[2026-10-08 11:20:07 #1 store] 
Database 'C:\Users\anemi\git\IS-IAller_JEcheveste_IGarcia\src\main\resources\products.temp' has been recovered (tr. 593-600)

[2026-10-08 11:20:07 #2 store] 
Database 'C:\Users\anemi\git\IS-IAller_JEcheveste_IGarcia\src\main\resources\products.temp' is opened by 41948@PortatilAne

[2026-10-08 11:20:07 #3 type] 
Type domain.Usuario is not enhanced.

[2026-10-08 11:20:07 #4 type] 
Type domain.Comprador is not enhanced.

[2026-10-08 11:20:07 #5 type] 
Type domain.Solicitud is not enhanced.

[2026-10-08 11:20:07 #6 type] 
Type domain.Friendly is not enhanced.

[2026-10-08 11:20:07 #7 type] 
Type domain.Cuentas is not enhanced.

[2026-10-08 11:20:07 #8 type] 
Type domain.Oferta is not enhanced.

[2026-10-08 11:20:07 #9 type] 
Type domain.Sale is not enhanced.

[2026-10-08 11:20:07 #10 type] 
Type domain.Resena is not enhanced.

[2026-10-08 11:20:07 #11 type] 
Type domain.Seller is not enhanced.

------------------------------------------------------------------------------------------------------------------------

[2026-10-08 11:21:26 #1 store] 
Database 'C:\Users\anemi\git\IS-IAller_JEcheveste_IGarcia\src\main\resources\products.temp' has been recovered (tr. 601-608)

[2026-10-08 11:21:26 #2 store] 
Database 'C:\Users\anemi\git\IS-IAller_JEcheveste_IGarcia\src\main\resources\products.temp' is opened by 36684@PortatilAne

[2026-10-08 11:21:26 #3 type] 
Type domain.Usuario is not enhanced.

[2026-10-08 11:21:26 #4 type] 
Type domain.Comprador is not enhanced.

[2026-10-08 11:21:26 #5 type] 
Type domain.Solicitud is not enhanced.

[2026-10-08 11:21:26 #6 type] 
Type domain.Friendly is not enhanced.

[2026-10-08 11:21:26 #7 type] 
Type domain.Cuentas is not enhanced.

[2026-10-08 11:21:26 #8 type] 
Type domain.Oferta is not enhanced.

[2026-10-08 11:21:26 #9 type] 
Type domain.Sale is not enhanced.

[2026-10-08 11:21:26 #10 type] 
Type domain.Resena is not enhanced.

[2026-10-08 11:21:26 #11 type] 
Type domain.Seller is not enhanced.

------------------------------------------------------------------------------------------------------------------------

[2026-10-08 11:30:14 #1 store] 
Database 'C:\Users\anemi\git\IS-IAller_JEcheveste_IGarcia\src\main\resources\products.temp' has been recovered (tr. 609-616)

[2026-10-08 11:30:14 #2 store] 
Database 'C:\Users\anemi\git\IS-IAller_JEcheveste_IGarcia\src\main\resources\products.temp' is opened by 33840@PortatilAne

[2026-10-08 11:30:14 #3 type] 
Type domain.Usuario is not enhanced.

[2026-10-08 11:30:14 #4 type] 
Type domain.Comprador is not enhanced.

[2026-10-08 11:30:14 #5 type] 
Type domain.Solicitud is not enhanced.

[2026-10-08 11:30:14 #6 type] 
Type domain.Friendly is not enhanced.

[2026-10-08 11:30:14 #7 type] 
Type domain.Cuentas is not enhanced.

[2026-10-08 11:30:14 #8 type] 
Type domain.Oferta is not enhanced.

[2026-10-08 11:30:14 #9 type] 
Type domain.Sale is not enhanced.

[2026-10-08 11:30:14 #10 type] 
Type domain.Resena is not enhanced.

[2026-10-08 11:30:14 #11 type] 
Type domain.Seller is not enhanced.

------------------------------------------------------------------------------------------------------------------------

[2026-10-08 11:31:35 #1 store] 
Database 'C:\Users\anemi\git\IS-IAller_JEcheveste_IGarcia\src\main\resources\products.temp' has been recovered (tr. 617-624)

[2026-10-08 11:31:35 #2 store] 
Database 'C:\Users\anemi\git\IS-IAller_JEcheveste_IGarcia\src\main\resources\products.temp' is opened by 35660@PortatilAne

[2026-10-08 11:31:36 #3 type] 
Type domain.Usuario is not enhanced.

[2026-10-08 11:31:36 #4 type] 
Type domain.Comprador is not enhanced.

[2026-10-08 11:31:36 #5 type] 
Type domain.Solicitud is not enhanced.

[2026-10-08 11:31:36 #6 type] 
Type domain.Friendly is not enhanced.

[2026-10-08 11:31:36 #7 type] 
Type domain.Cuentas is not enhanced.

[2026-10-08 11:31:36 #8 type] 
Type domain.Oferta is not enhanced.

[2026-10-08 11:31:36 #9 type] 
Type domain.Sale is not enhanced.

[2026-10-08 11:31:36 #10 type] 
Type domain.Resena is not enhanced.

[2026-10-08 11:31:36 #11 type] 
Type domain.Seller is not enhanced.

------------------------------------------------------------------------------------------------------------------------

[2026-10-08 11:32:57 #1 store] 
Database 'C:\Users\anemi\git\IS-IAller_JEcheveste_IGarcia\src\main\resources\products.temp' has been recovered (tr. 625-632)

[2026-10-08 11:32:57 #2 store] 
Database 'C:\Users\anemi\git\IS-IAller_JEcheveste_IGarcia\src\main\resources\products.temp' is opened by 26792@PortatilAne

[2026-10-08 11:32:58 #3 type] 
Type domain.Usuario is not enhanced.

[2026-10-08 11:32:58 #4 type] 
Type domain.Comprador is not enhanced.

[2026-10-08 11:32:58 #5 type] 
Type domain.Solicitud is not enhanced.

[2026-10-08 11:32:58 #6 type] 
Type domain.Friendly is not enhanced.

[2026-10-08 11:32:58 #7 type] 
Type domain.Cuentas is not enhanced.

[2026-10-08 11:32:58 #8 type] 
Type domain.Oferta is not enhanced.

[2026-10-08 11:32:58 #9 type] 
Type domain.Sale is not enhanced.

[2026-10-08 11:32:58 #10 type] 
Type domain.Resena is not enhanced.

[2026-10-08 11:32:58 #11 type] 
Type domain.Seller is not enhanced.

------------------------------------------------------------------------------------------------------------------------

[2026-10-08 11:38:58 #1 store] 
Database 'C:\Users\anemi\git\IS-IAller_JEcheveste_IGarcia\src\main\resources\products.temp' has been recovered (tr. 633-640)

[2026-10-08 11:38:58 #2 store] 
Database 'C:\Users\anemi\git\IS-IAller_JEcheveste_IGarcia\src\main\resources\products.temp' is opened by 22224@PortatilAne

[2026-10-08 11:38:58 #3 type] 
Type domain.Usuario is not enhanced.

[2026-10-08 11:38:58 #4 type] 
Type domain.Comprador is not enhanced.

[2026-10-08 11:38:58 #5 type] 
Type domain.Solicitud is not enhanced.

[2026-10-08 11:38:58 #6 type] 
Type domain.Friendly is not enhanced.

[2026-10-08 11:38:58 #7 type] 
Type domain.Cuentas is not enhanced.

[2026-10-08 11:38:58 #8 type] 
Type domain.Oferta is not enhanced.

[2026-10-08 11:38:58 #9 type] 
Type domain.Sale is not enhanced.

[2026-10-08 11:38:58 #10 type] 
Type domain.Resena is not enhanced.

[2026-10-08 11:38:58 #11 type] 
Type domain.Seller is not enhanced.

------------------------------------------------------------------------------------------------------------------------

[2026-10-08 11:57:37 #1 store] 
Database 'C:\Users\anemi\git\IS-IAller_JEcheveste_IGarcia\src\main\resources\products.temp' has been recovered (tr. 641-651)

[2026-10-08 11:57:37 #2 store] 
Database 'C:\Users\anemi\git\IS-IAller_JEcheveste_IGarcia\src\main\resources\products.temp' is opened by 2840@PortatilAne

[2026-10-08 11:57:38 #3 type] 
Type domain.Usuario is not enhanced.

[2026-10-08 11:57:38 #4 type] 
Type domain.Comprador is not enhanced.

[2026-10-08 11:57:38 #5 type] 
Type domain.Solicitud is not enhanced.

[2026-10-08 11:57:38 #6 type] 
Type domain.Friendly is not enhanced.

[2026-10-08 11:57:38 #7 type] 
Type domain.Cuentas is not enhanced.

[2026-10-08 11:57:38 #8 type] 
Type domain.Oferta is not enhanced.

[2026-10-08 11:57:38 #9 type] 
Type domain.Sale is not enhanced.

[2026-10-08 11:57:38 #10 type] 
Type domain.Resena is not enhanced.

[2026-10-08 11:57:38 #11 type] 
Type domain.Seller is not enhanced.

------------------------------------------------------------------------------------------------------------------------

[2026-10-08 11:58:55 #1 store] 
Database 'C:\Users\anemi\git\IS-IAller_JEcheveste_IGarcia\src\main\resources\products.temp' has been recovered (tr. 652-656)

[2026-10-08 11:58:55 #2 store] 
Database 'C:\Users\anemi\git\IS-IAller_JEcheveste_IGarcia\src\main\resources\products.temp' is opened by 31748@PortatilAne

[2026-10-08 11:58:55 #3 type] 
Type domain.Usuario is not enhanced.

[2026-10-08 11:58:55 #4 type] 
Type domain.Comprador is not enhanced.

[2026-10-08 11:58:55 #5 type] 
Type domain.Solicitud is not enhanced.

[2026-10-08 11:58:55 #6 type] 
Type domain.Friendly is not enhanced.

[2026-10-08 11:58:55 #7 type] 
Type domain.Cuentas is not enhanced.

[2026-10-08 11:58:55 #8 type] 
Type domain.Oferta is not enhanced.

[2026-10-08 11:58:55 #9 type] 
Type domain.Sale is not enhanced.

[2026-10-08 11:58:55 #10 type] 
Type domain.Resena is not enhanced.

[2026-10-08 11:58:55 #11 type] 
Type domain.Seller is not enhanced.

------------------------------------------------------------------------------------------------------------------------

[2026-10-08 12:12:00 #1 store] 
Database 'C:\Users\anemi\git\IS-IAller_JEcheveste_IGarcia\src\main\resources\products.temp' has been recovered (tr. 657-661)

[2026-10-08 12:12:00 #2 store] 
Database 'C:\Users\anemi\git\IS-IAller_JEcheveste_IGarcia\src\main\resources\products.temp' is opened by 40228@PortatilAne

[2026-10-08 12:12:01 #3 type] 
Type domain.Usuario is not enhanced.

[2026-10-08 12:12:01 #4 type] 
Type domain.Comprador is not enhanced.

[2026-10-08 12:12:01 #5 type] 
Type domain.Solicitud is not enhanced.

[2026-10-08 12:12:01 #6 type] 
Type domain.Friendly is not enhanced.

[2026-10-08 12:12:01 #7 type] 
Type domain.Cuentas is not enhanced.

[2026-10-08 12:12:01 #8 type] 
Type domain.Oferta is not enhanced.

[2026-10-08 12:12:01 #9 type] 
Type domain.Sale is not enhanced.

[2026-10-08 12:12:01 #10 type] 
Type domain.Resena is not enhanced.

[2026-10-08 12:12:01 #11 type] 
Type domain.Seller is not enhanced.

